test for using git
